error: this type has already been used as a bound predicate
  --> $DIR/type_repetition_in_bounds.rs:6:5
   |
LL |     T: Clone,
   |     ^^^^^^^^
   |
note: lint level defined here
  --> $DIR/type_repetition_in_bounds.rs:1:8
   |
LL | #[deny(clippy::type_repetition_in_bounds)]
   |        ^^^^^^^^^^^^^^^^^^^^^^^^^^^^^^^^^
   = help: consider combining the bounds: `T: Copy + Clone`

error: this type has already been used as a bound predicate
  --> $DIR/type_repetition_in_bounds.rs:29:5
   |
LL |     FooBar<B>: Unpin,
   |     ^^^^^^^^^^^^^^^^
   |
   = note: `-D clippy::type-repetition-in-bounds` implied by `-D warnings`
   = help: consider combining the bounds: `FooBar<B>: Unpin + Unpin`

error: aborting due to 2 previous errors

